###############################################################################
#                                                                             #
# IAR ELF Linker V6.60.2.5449/W32 for ARM               20/Jan/2015  16:10:38 #
# Copyright 2007-2013 IAR Systems AB.                                         #
#                                                                             #
#    Output file  =  D:\1\cpe484_es6153\Micrium\Software\EvalBoards\TI\LM3S9B #
#                    92-EVALBOT\IAR\uCOS-III-CE4053_PG\Flash\Exe\uCOS-III-Ex4 #
#                    .out                                                     #
#    Map file     =  D:\1\cpe484_es6153\Micrium\Software\EvalBoards\TI\LM3S9B #
#                    92-EVALBOT\IAR\uCOS-III-CE4053_PG\Flash\List\uCOS-III-Ex #
#                    4.map                                                    #
#    Command line =  D:\1\cpe484_es6153\Micrium\Software\EvalBoards\TI\LM3S9B #
#                    92-EVALBOT\IAR\uCOS-III-CE4053_PG\Flash\Obj\adc.o        #
#                    D:\1\cpe484_es6153\Micrium\Software\EvalBoards\TI\LM3S9B #
#                    92-EVALBOT\IAR\uCOS-III-CE4053_PG\Flash\Obj\app.o        #
#                    D:\1\cpe484_es6153\Micrium\Software\EvalBoards\TI\LM3S9B #
#                    92-EVALBOT\IAR\uCOS-III-CE4053_PG\Flash\Obj\app_vect.o   #
#                    D:\1\cpe484_es6153\Micrium\Software\EvalBoards\TI\LM3S9B #
#                    92-EVALBOT\IAR\uCOS-III-CE4053_PG\Flash\Obj\bsp.o        #
#                    D:\1\cpe484_es6153\Micrium\Software\EvalBoards\TI\LM3S9B #
#                    92-EVALBOT\IAR\uCOS-III-CE4053_PG\Flash\Obj\bsp_dac.o    #
#                    D:\1\cpe484_es6153\Micrium\Software\EvalBoards\TI\LM3S9B #
#                    92-EVALBOT\IAR\uCOS-III-CE4053_PG\Flash\Obj\bsp_display. #
#                    o D:\1\cpe484_es6153\Micrium\Software\EvalBoards\TI\LM3S #
#                    9B92-EVALBOT\IAR\uCOS-III-CE4053_PG\Flash\Obj\bsp_int.o  #
#                    D:\1\cpe484_es6153\Micrium\Software\EvalBoards\TI\LM3S9B #
#                    92-EVALBOT\IAR\uCOS-III-CE4053_PG\Flash\Obj\bsp_io.o     #
#                    D:\1\cpe484_es6153\Micrium\Software\EvalBoards\TI\LM3S9B #
#                    92-EVALBOT\IAR\uCOS-III-CE4053_PG\Flash\Obj\bsp_motor.o  #
#                    D:\1\cpe484_es6153\Micrium\Software\EvalBoards\TI\LM3S9B #
#                    92-EVALBOT\IAR\uCOS-III-CE4053_PG\Flash\Obj\bsp_sensors. #
#                    o D:\1\cpe484_es6153\Micrium\Software\EvalBoards\TI\LM3S #
#                    9B92-EVALBOT\IAR\uCOS-III-CE4053_PG\Flash\Obj\can.o      #
#                    D:\1\cpe484_es6153\Micrium\Software\EvalBoards\TI\LM3S9B #
#                    92-EVALBOT\IAR\uCOS-III-CE4053_PG\Flash\Obj\comp.o       #
#                    D:\1\cpe484_es6153\Micrium\Software\EvalBoards\TI\LM3S9B #
#                    92-EVALBOT\IAR\uCOS-III-CE4053_PG\Flash\Obj\cpu_.o       #
#                    D:\1\cpe484_es6153\Micrium\Software\EvalBoards\TI\LM3S9B #
#                    92-EVALBOT\IAR\uCOS-III-CE4053_PG\Flash\Obj\cpu_a.o      #
#                    D:\1\cpe484_es6153\Micrium\Software\EvalBoards\TI\LM3S9B #
#                    92-EVALBOT\IAR\uCOS-III-CE4053_PG\Flash\Obj\cpu_bsp.o    #
#                    D:\1\cpe484_es6153\Micrium\Software\EvalBoards\TI\LM3S9B #
#                    92-EVALBOT\IAR\uCOS-III-CE4053_PG\Flash\Obj\cpu_c.o      #
#                    D:\1\cpe484_es6153\Micrium\Software\EvalBoards\TI\LM3S9B #
#                    92-EVALBOT\IAR\uCOS-III-CE4053_PG\Flash\Obj\cpu_core.o   #
#                    D:\1\cpe484_es6153\Micrium\Software\EvalBoards\TI\LM3S9B #
#                    92-EVALBOT\IAR\uCOS-III-CE4053_PG\Flash\Obj\epi.o        #
#                    D:\1\cpe484_es6153\Micrium\Software\EvalBoards\TI\LM3S9B #
#                    92-EVALBOT\IAR\uCOS-III-CE4053_PG\Flash\Obj\ethernet.o   #
#                    D:\1\cpe484_es6153\Micrium\Software\EvalBoards\TI\LM3S9B #
#                    92-EVALBOT\IAR\uCOS-III-CE4053_PG\Flash\Obj\fatfs.o      #
#                    D:\1\cpe484_es6153\Micrium\Software\EvalBoards\TI\LM3S9B #
#                    92-EVALBOT\IAR\uCOS-III-CE4053_PG\Flash\Obj\flash.o      #
#                    D:\1\cpe484_es6153\Micrium\Software\EvalBoards\TI\LM3S9B #
#                    92-EVALBOT\IAR\uCOS-III-CE4053_PG\Flash\Obj\gpio.o       #
#                    D:\1\cpe484_es6153\Micrium\Software\EvalBoards\TI\LM3S9B #
#                    92-EVALBOT\IAR\uCOS-III-CE4053_PG\Flash\Obj\hibernate.o  #
#                    D:\1\cpe484_es6153\Micrium\Software\EvalBoards\TI\LM3S9B #
#                    92-EVALBOT\IAR\uCOS-III-CE4053_PG\Flash\Obj\i2c.o        #
#                    D:\1\cpe484_es6153\Micrium\Software\EvalBoards\TI\LM3S9B #
#                    92-EVALBOT\IAR\uCOS-III-CE4053_PG\Flash\Obj\i2s.o        #
#                    D:\1\cpe484_es6153\Micrium\Software\EvalBoards\TI\LM3S9B #
#                    92-EVALBOT\IAR\uCOS-III-CE4053_PG\Flash\Obj\interrupt.o  #
#                    D:\1\cpe484_es6153\Micrium\Software\EvalBoards\TI\LM3S9B #
#                    92-EVALBOT\IAR\uCOS-III-CE4053_PG\Flash\Obj\lib_ascii.o  #
#                    D:\1\cpe484_es6153\Micrium\Software\EvalBoards\TI\LM3S9B #
#                    92-EVALBOT\IAR\uCOS-III-CE4053_PG\Flash\Obj\lib_math.o   #
#                    D:\1\cpe484_es6153\Micrium\Software\EvalBoards\TI\LM3S9B #
#                    92-EVALBOT\IAR\uCOS-III-CE4053_PG\Flash\Obj\lib_mem.o    #
#                    D:\1\cpe484_es6153\Micrium\Software\EvalBoards\TI\LM3S9B #
#                    92-EVALBOT\IAR\uCOS-III-CE4053_PG\Flash\Obj\lib_str.o    #
#                    D:\1\cpe484_es6153\Micrium\Software\EvalBoards\TI\LM3S9B #
#                    92-EVALBOT\IAR\uCOS-III-CE4053_PG\Flash\Obj\microsd.o    #
#                    D:\1\cpe484_es6153\Micrium\Software\EvalBoards\TI\LM3S9B #
#                    92-EVALBOT\IAR\uCOS-III-CE4053_PG\Flash\Obj\mpu.o        #
#                    D:\1\cpe484_es6153\Micrium\Software\EvalBoards\TI\LM3S9B #
#                    92-EVALBOT\IAR\uCOS-III-CE4053_PG\Flash\Obj\os_app_hooks #
#                    .o D:\1\cpe484_es6153\Micrium\Software\EvalBoards\TI\LM3 #
#                    S9B92-EVALBOT\IAR\uCOS-III-CE4053_PG\Flash\Obj\os_cfg_ap #
#                    p.o D:\1\cpe484_es6153\Micrium\Software\EvalBoards\TI\LM #
#                    3S9B92-EVALBOT\IAR\uCOS-III-CE4053_PG\Flash\Obj\os_core. #
#                    o D:\1\cpe484_es6153\Micrium\Software\EvalBoards\TI\LM3S #
#                    9B92-EVALBOT\IAR\uCOS-III-CE4053_PG\Flash\Obj\os_cpu_a.o #
#                     D:\1\cpe484_es6153\Micrium\Software\EvalBoards\TI\LM3S9 #
#                    B92-EVALBOT\IAR\uCOS-III-CE4053_PG\Flash\Obj\os_cpu_c.o  #
#                    D:\1\cpe484_es6153\Micrium\Software\EvalBoards\TI\LM3S9B #
#                    92-EVALBOT\IAR\uCOS-III-CE4053_PG\Flash\Obj\os_dbg.o     #
#                    D:\1\cpe484_es6153\Micrium\Software\EvalBoards\TI\LM3S9B #
#                    92-EVALBOT\IAR\uCOS-III-CE4053_PG\Flash\Obj\os_flag.o    #
#                    D:\1\cpe484_es6153\Micrium\Software\EvalBoards\TI\LM3S9B #
#                    92-EVALBOT\IAR\uCOS-III-CE4053_PG\Flash\Obj\os_int.o     #
#                    D:\1\cpe484_es6153\Micrium\Software\EvalBoards\TI\LM3S9B #
#                    92-EVALBOT\IAR\uCOS-III-CE4053_PG\Flash\Obj\os_mem.o     #
#                    D:\1\cpe484_es6153\Micrium\Software\EvalBoards\TI\LM3S9B #
#                    92-EVALBOT\IAR\uCOS-III-CE4053_PG\Flash\Obj\os_msg.o     #
#                    D:\1\cpe484_es6153\Micrium\Software\EvalBoards\TI\LM3S9B #
#                    92-EVALBOT\IAR\uCOS-III-CE4053_PG\Flash\Obj\os_mutex.o   #
#                    D:\1\cpe484_es6153\Micrium\Software\EvalBoards\TI\LM3S9B #
#                    92-EVALBOT\IAR\uCOS-III-CE4053_PG\Flash\Obj\os_pend_mult #
#                    i.o D:\1\cpe484_es6153\Micrium\Software\EvalBoards\TI\LM #
#                    3S9B92-EVALBOT\IAR\uCOS-III-CE4053_PG\Flash\Obj\os_prio. #
#                    o D:\1\cpe484_es6153\Micrium\Software\EvalBoards\TI\LM3S #
#                    9B92-EVALBOT\IAR\uCOS-III-CE4053_PG\Flash\Obj\os_q.o     #
#                    D:\1\cpe484_es6153\Micrium\Software\EvalBoards\TI\LM3S9B #
#                    92-EVALBOT\IAR\uCOS-III-CE4053_PG\Flash\Obj\os_sem.o     #
#                    D:\1\cpe484_es6153\Micrium\Software\EvalBoards\TI\LM3S9B #
#                    92-EVALBOT\IAR\uCOS-III-CE4053_PG\Flash\Obj\os_stat.o    #
#                    D:\1\cpe484_es6153\Micrium\Software\EvalBoards\TI\LM3S9B #
#                    92-EVALBOT\IAR\uCOS-III-CE4053_PG\Flash\Obj\os_task.o    #
#                    D:\1\cpe484_es6153\Micrium\Software\EvalBoards\TI\LM3S9B #
#                    92-EVALBOT\IAR\uCOS-III-CE4053_PG\Flash\Obj\os_tick.o    #
#                    D:\1\cpe484_es6153\Micrium\Software\EvalBoards\TI\LM3S9B #
#                    92-EVALBOT\IAR\uCOS-III-CE4053_PG\Flash\Obj\os_time.o    #
#                    D:\1\cpe484_es6153\Micrium\Software\EvalBoards\TI\LM3S9B #
#                    92-EVALBOT\IAR\uCOS-III-CE4053_PG\Flash\Obj\os_tmr.o     #
#                    D:\1\cpe484_es6153\Micrium\Software\EvalBoards\TI\LM3S9B #
#                    92-EVALBOT\IAR\uCOS-III-CE4053_PG\Flash\Obj\os_var.o     #
#                    D:\1\cpe484_es6153\Micrium\Software\EvalBoards\TI\LM3S9B #
#                    92-EVALBOT\IAR\uCOS-III-CE4053_PG\Flash\Obj\pwm.o        #
#                    D:\1\cpe484_es6153\Micrium\Software\EvalBoards\TI\LM3S9B #
#                    92-EVALBOT\IAR\uCOS-III-CE4053_PG\Flash\Obj\qei.o        #
#                    D:\1\cpe484_es6153\Micrium\Software\EvalBoards\TI\LM3S9B #
#                    92-EVALBOT\IAR\uCOS-III-CE4053_PG\Flash\Obj\ssi.o        #
#                    D:\1\cpe484_es6153\Micrium\Software\EvalBoards\TI\LM3S9B #
#                    92-EVALBOT\IAR\uCOS-III-CE4053_PG\Flash\Obj\sysctl.o     #
#                    D:\1\cpe484_es6153\Micrium\Software\EvalBoards\TI\LM3S9B #
#                    92-EVALBOT\IAR\uCOS-III-CE4053_PG\Flash\Obj\systick.o    #
#                    D:\1\cpe484_es6153\Micrium\Software\EvalBoards\TI\LM3S9B #
#                    92-EVALBOT\IAR\uCOS-III-CE4053_PG\Flash\Obj\timer.o      #
#                    D:\1\cpe484_es6153\Micrium\Software\EvalBoards\TI\LM3S9B #
#                    92-EVALBOT\IAR\uCOS-III-CE4053_PG\Flash\Obj\uart.o       #
#                    D:\1\cpe484_es6153\Micrium\Software\EvalBoards\TI\LM3S9B #
#                    92-EVALBOT\IAR\uCOS-III-CE4053_PG\Flash\Obj\udma.o       #
#                    D:\1\cpe484_es6153\Micrium\Software\EvalBoards\TI\LM3S9B #
#                    92-EVALBOT\IAR\uCOS-III-CE4053_PG\Flash\Obj\usb.o        #
#                    D:\1\cpe484_es6153\Micrium\Software\EvalBoards\TI\LM3S9B #
#                    92-EVALBOT\IAR\uCOS-III-CE4053_PG\Flash\Obj\watchdog.o   #
#                    --redirect _Printf=_PrintfFull --redirect                #
#                    _Scanf=_ScanfFull -o D:\1\cpe484_es6153\Micrium\Software #
#                    \EvalBoards\TI\LM3S9B92-EVALBOT\IAR\uCOS-III-CE4053_PG\F #
#                    lash\Exe\uCOS-III-Ex4.out --map                          #
#                    D:\1\cpe484_es6153\Micrium\Software\EvalBoards\TI\LM3S9B #
#                    92-EVALBOT\IAR\uCOS-III-CE4053_PG\Flash\List\uCOS-III-Ex #
#                    4.map --config D:\1\cpe484_es6153\Micrium\Software\EvalB #
#                    oards\TI\LM3S9B92-EVALBOT\IAR\uCOS-III-CE4053_PG\..\BSP\ #
#                    LM3S9B92_Flash.icf --semihosting --entry                 #
#                    __iar_program_start --vfe                                #
#                                                                             #
#                                                                             #
###############################################################################

*******************************************************************************
*** RUNTIME MODEL ATTRIBUTES
***

CppFlavor                     = *
__Heap_Handler                = Basic
__SystemLibrary               = DLib
__dlib_dynamic_initialization = normal


*******************************************************************************
*** PLACEMENT SUMMARY
***

"A1":  place at start of [0x00000000-0x0003ffff] { ro section .intvec };
"P1":  place in [from 0x00000000 to 0x0003ffff] { ro };
"P7":  place in [from 0x20000000 to 0x20017fff] { rw, block HEAP, block CSTACK };

  Section             Kind        Address    Size  Object
  -------             ----        -------    ----  ------
"A1":                                       0x11c
  .intvec             const    0x00000000   0x11c  app_vect.o [1]
                             - 0x0000011c   0x11c

"P1":                                      0x85b4
  .text               ro code  0x0000011c  0x12d0  fatfs.o [1]
  .text               ro code  0x000013ec    0x42  strcmp_unaligned.o [5]
  .text               ro code  0x0000142e    0x22  zero_init3.o [5]
  .text               ro code  0x00001450   0x794  microsd.o [1]
  .text               ro code  0x00001be4    0x14  memset.o [3]
  .text               ro code  0x00001bf8    0x62  memcmp_unaligned.o [5]
  .text               ro code  0x00001c5a     0xc  memcpy.o [3]
  .text               ro code  0x00001c66     0xa  xsprout.o [3]
  .text               ro code  0x00001c70    0x36  strlen.o [5]
  .rodata             const    0x00001ca6     0x2  os_cfg_app.o [1]
  .text               ro code  0x00001ca8    0x44  strcpy_unaligned.o [5]
  .text               ro code  0x00001cec    0x1c  strcat.o [3]
  .text               ro code  0x00001d08    0x34  sprintf.o [3]
  .text               ro code  0x00001d3c   0x2fc  gpio.o [1]
  .text               ro code  0x00002038    0xa0  ssi.o [1]
  .text               ro code  0x000020d8   0x490  sysctl.o [1]
  .text               ro code  0x00002568    0x66  ABImemset.o [5]
  .rodata             const    0x000025ce     0x2  os_cfg_app.o [1]
  .text               ro code  0x000025d0    0x76  ABImemcpy_unaligned.o [5]
  .rodata             const    0x00002646     0x2  os_cfg_app.o [1]
  .text               ro code  0x00002648  0x116e  xprintffull.o [3]
  .text               ro code  0x000037b6    0x20  xmbtowc.o [3]
  .rodata             const    0x000037d6     0x2  os_dbg.o [1]
  .text               ro code  0x000037d8    0x16  strchr.o [5]
  .rodata             const    0x000037ee     0x2  os_dbg.o [1]
  .text               ro code  0x000037f0    0x58  memchr.o [5]
  .text               ro code  0x00003848     0xa  xmbcurmax.o [3]
  .rodata             const    0x00003852     0x2  os_dbg.o [1]
  .text               ro code  0x00003854    0xb0  xxmemxmalloc.o [3]
  .text               ro code  0x00003904    0x1a  xwctomb.o [3]
  .rodata             const    0x0000391e     0x2  os_dbg.o [1]
  .text               ro code  0x00003920    0x80  xxmemxfree.o [3]
  .text               ro code  0x000039a0    0xee  I64DivMod.o [5]
  .rodata             const    0x00003a8e     0x2  os_dbg.o [1]
  .text               ro code  0x00003a90   0x1a2  DblMul.o [4]
  .text               ro code  0x00003c32    0x42  xdnorm.o [4]
  .text               ro code  0x00003c74    0x2e  DblCmpLe.o [4]
  .rodata             const    0x00003ca2     0x2  os_dbg.o [1]
  .text               ro code  0x00003ca4    0x2e  DblCmpGe.o [4]
  .rodata             const    0x00003cd2     0x2  os_dbg.o [1]
  .text               ro code  0x00003cd4   0x10c  xdscale.o [4]
  .text               ro code  0x00003de0    0x58  DblToI32.o [4]
  .text               ro code  0x00003e38    0x30  I32ToDbl.o [4]
  .text               ro code  0x00003e68   0x180  DblSub.o [4]
  .text               ro code  0x00003fe8   0x246  DblDiv.o [4]
  .rodata             const    0x0000422e     0x2  os_dbg.o [1]
  .text               ro code  0x00004230    0x6c  localeconv.o [3]
  .text               ro code  0x0000429c     0xe  div.o [3]
  .rodata             const    0x000042aa     0x2  os_dbg.o [1]
  .text               ro code  0x000042ac    0x14  setlocale.o [3]
  .text               ro code  0x000042c0    0x60  xencoding_sb.o [3]
  .text               ro code  0x00004320    0x2c  xgetmemchunk.o [3]
  .text               ro code  0x0000434c     0x2  I64DivZer.o [5]
  .rodata             const    0x0000434e     0x2  os_dbg.o [1]
  .text               ro code  0x00004350    0xd4  DblAdd.o [4]
  .text               ro code  0x00004424     0x2  xtls.o [3]
  .rodata             const    0x00004426     0x2  os_dbg.o [1]
  .text               ro code  0x00004428   0xa90  os_core.o [1]
  .text               ro code  0x00004eb8   0x21c  os_cpu_c.o [1]
  .text               ro code  0x000050d4    0x88  os_prio.o [1]
  .text               ro code  0x0000515c   0x72c  os_task.o [1]
  .text               ro code  0x00005888   0x3f4  os_tick.o [1]
  .text               ro code  0x00005c7c    0x1c  os_flag.o [1]
  .text               ro code  0x00005c98   0x15c  os_msg.o [1]
  .text               ro code  0x00005df4    0x1c  os_mutex.o [1]
  .text               ro code  0x00005e10   0x2b4  os_q.o [1]
  .text               ro code  0x000060c4    0x1c  os_sem.o [1]
  .text               ro code  0x000060e0   0x2e4  os_tmr.o [1]
  .text               ro code  0x000063c4   0x228  os_dbg.o [1]
  .text               ro code  0x000065ec    0xe0  os_cfg_app.o [1]
  CODE                ro code  0x000066cc    0x2a  cpu_a.o [1]
  .rodata             const    0x000066f6     0x2  os_dbg.o [1]
  .text               ro code  0x000066f8   0x1a0  cpu_core.o [1]
  CODE                ro code  0x00006898    0x84  os_cpu_a.o [1]
  .text               ro code  0x0000691c    0x28  cpu_bsp.o [1]
  .text               ro code  0x00006944    0x8c  os_time.o [1]
  .text               ro code  0x000069d0    0x66  lib_mem.o [1]
  .rodata             const    0x00006a36     0x2  os_dbg.o [1]
  .text               ro code  0x00006a38    0xa8  bsp.o [1]
  .text               ro code  0x00006ae0   0x256  bsp_int.o [1]
  .rodata             const    0x00006d36     0x2  os_dbg.o [1]
  .text               ro code  0x00006d38   0x334  bsp_display.o [1]
  .text               ro code  0x0000706c    0xc0  bsp_io.o [1]
  .text               ro code  0x0000712c   0x154  bsp_sensors.o [1]
  .text               ro code  0x00007280   0x1f8  bsp_motor.o [1]
  .text               ro code  0x00007478   0x13c  cpu_c.o [1]
  .text               ro code  0x000075b4    0xac  i2c.o [1]
  .text               ro code  0x00007660    0x98  pwm.o [1]
  .text               ro code  0x000076f8   0x778  app.o [1]
  .text               ro code  0x00007e70    0x40  ethernet.o [1]
  .rodata             const    0x00007eb0   0x1dc  bsp_display.o [1]
  .text               ro code  0x0000808c    0xd4  packbits_init.o [5]
  .text               ro code  0x00008160     0x6  abort.o [3]
  .rodata             const    0x00008166     0x2  os_dbg.o [1]
  .text               ro code  0x00008168    0x14  exit.o [6]
  .rodata             const    0x0000817c    0x5c  sysctl.o [1]
  .rodata             const    0x000081d8    0x50  bsp_display.o [1]
  .rodata             const    0x00008228    0x48  gpio.o [1]
  .rodata             const    0x00008270    0x34  os_dbg.o [1]
  .rodata             const    0x000082a4    0x30  os_dbg.o [1]
  .rodata             const    0x000082d4    0x2c  os_dbg.o [1]
  .rodata             const    0x00008300    0x28  os_dbg.o [1]
  .rodata             const    0x00008328    0x28  os_dbg.o [1]
  .text               ro code  0x00008350    0x28  data_init.o [5]
  .rodata             const    0x00008378    0x24  fatfs.o [1]
  .iar.init_table     const    0x0000839c    0x2c  - Linker created -
  .rodata             const    0x000083c8    0x20  fatfs.o [1]
  .rodata             const    0x000083e8    0x20  os_dbg.o [1]
  .rodata             const    0x00008408    0x1c  fatfs.o [1]
  .text               ro code  0x00008424    0x1a  cmain.o [5]
  .text               ro code  0x0000843e     0x4  low_level_init.o [3]
  .text               ro code  0x00008442     0x4  exit.o [3]
  .rodata             const    0x00008446     0x2  os_dbg.o [1]
  .text               ro code  0x00008448     0xa  cexit.o [5]
  .rodata             const    0x00008452     0x2  os_dbg.o [1]
  .rodata             const    0x00008454    0x18  app.o [1]
  .rodata             const    0x0000846c    0x18  os_tmr.o [1]
  .rodata             const    0x00008484    0x14  app.o [1]
  .rodata             const    0x00008498    0x14  os_core.o [1]
  .rodata             const    0x000084ac    0x14  os_tick.o [1]
  .rodata             const    0x000084c0    0x10  app.o [1]
  .rodata             const    0x000084d0    0x10  app.o [1]
  .rodata             const    0x000084e0    0x10  app.o [1]
  .rodata             const    0x000084f0    0x10  app.o [1]
  .rodata             const    0x00008500    0x10  app.o [1]
  .rodata             const    0x00008510    0x10  app.o [1]
  .rodata             const    0x00008520     0xc  app.o [1]
  .rodata             const    0x0000852c     0xc  app.o [1]
  .rodata             const    0x00008538     0xc  app.o [1]
  .rodata             const    0x00008544     0xc  app.o [1]
  .rodata             const    0x00008550     0xc  os_core.o [1]
  .rodata             const    0x0000855c     0xc  sysctl.o [1]
  .rodata             const    0x00008568     0xc  sysctl.o [1]
  .rodata             const    0x00008574     0xc  sysctl.o [1]
  .text               ro code  0x00008580     0xc  app_vect.o [1]
  .text               ro code  0x0000858c     0xc  cstartup_M.o [5]
  .rodata             const    0x00008598     0x8  bsp_display.o [1]
  .rodata             const    0x000085a0     0x8  bsp_display.o [1]
  .rodata             const    0x000085a8     0x8  fatfs.o [1]
  .rodata             const    0x000085b0     0x8  fatfs.o [1]
  .rodata             const    0x000085b8     0x8  fatfs.o [1]
  .rodata             const    0x000085c0     0x8  fatfs.o [1]
  .rodata             const    0x000085c8     0x8  os_core.o [1]
  .rodata             const    0x000085d0     0x8  os_task.o [1]
  .rodata             const    0x000085d8     0x4  fatfs.o [1]
  .rodata             const    0x000085dc     0x4  fatfs.o [1]
  .rodata             const    0x000085e0     0x4  fatfs.o [1]
  .rodata             const    0x000085e4     0x4  os_cfg_app.o [1]
  .rodata             const    0x000085e8     0x4  os_cfg_app.o [1]
  .rodata             const    0x000085ec     0x4  os_cfg_app.o [1]
  .rodata             const    0x000085f0     0x4  os_cfg_app.o [1]
  .rodata             const    0x000085f4     0x4  os_cfg_app.o [1]
  .rodata             const    0x000085f8     0x4  os_cfg_app.o [1]
  .rodata             const    0x000085fc     0x4  os_cfg_app.o [1]
  .rodata             const    0x00008600     0x4  os_cfg_app.o [1]
  .rodata             const    0x00008604     0x4  os_cfg_app.o [1]
  .rodata             const    0x00008608     0x4  os_cfg_app.o [1]
  .rodata             const    0x0000860c     0x4  os_cfg_app.o [1]
  .rodata             const    0x00008610     0x4  os_cfg_app.o [1]
  .rodata             const    0x00008614     0x4  os_cfg_app.o [1]
  .rodata             const    0x00008618     0x4  os_cfg_app.o [1]
  .rodata             const    0x0000861c     0x4  os_cfg_app.o [1]
  .rodata             const    0x00008620     0x4  os_cfg_app.o [1]
  .rodata             const    0x00008624     0x4  os_cfg_app.o [1]
  .rodata             const    0x00008628     0x4  os_cfg_app.o [1]
  .rodata             const    0x0000862c     0x4  os_cfg_app.o [1]
  .rodata             const    0x00008630     0x4  os_cfg_app.o [1]
  .rodata             const    0x00008634     0x4  os_cfg_app.o [1]
  .rodata             const    0x00008638     0x4  os_cfg_app.o [1]
  .rodata             const    0x0000863c     0x4  os_cfg_app.o [1]
  .rodata             const    0x00008640     0x4  os_dbg.o [1]
  .rodata             const    0x00008644     0x4  os_dbg.o [1]
  .rodata             const    0x00008648     0x4  os_dbg.o [1]
  .rodata             const    0x0000864c     0x2  os_dbg.o [1]
  .rodata             const    0x0000864e     0x2  os_dbg.o [1]
  .rodata             const    0x00008650     0x2  os_dbg.o [1]
  .rodata             const    0x00008652     0x2  os_dbg.o [1]
  .rodata             const    0x00008654     0x2  os_dbg.o [1]
  .rodata             const    0x00008656     0x1  os_cfg_app.o [1]
  .rodata             const    0x00008657     0x1  os_cfg_app.o [1]
  .rodata             const    0x00008658     0x1  os_dbg.o [1]
  .rodata             const    0x00008659     0x1  os_dbg.o [1]
  .rodata             const    0x0000865a     0x1  os_dbg.o [1]
  .rodata             const    0x0000865b     0x1  os_dbg.o [1]
  .rodata             const    0x0000865c     0x1  os_dbg.o [1]
  .rodata             const    0x0000865d     0x1  os_dbg.o [1]
  .rodata             const    0x0000865e     0x1  os_dbg.o [1]
  .rodata             const    0x0000865f     0x1  os_dbg.o [1]
  .rodata             const    0x00008660     0x1  os_dbg.o [1]
  .rodata             const    0x00008661     0x1  os_dbg.o [1]
  .rodata             const    0x00008662     0x1  os_dbg.o [1]
  .rodata             const    0x00008663     0x1  os_dbg.o [1]
  .rodata             const    0x00008664     0x1  os_dbg.o [1]
  .rodata             const    0x00008665     0x1  os_dbg.o [1]
  .rodata             const    0x00008666     0x1  os_dbg.o [1]
  .rodata             const    0x00008667     0x1  os_dbg.o [1]
  .rodata             const    0x00008668     0x1  os_dbg.o [1]
  .rodata             const    0x00008669     0x1  os_dbg.o [1]
  .rodata             const    0x0000866a     0x1  os_dbg.o [1]
  .rodata             const    0x0000866b     0x1  os_dbg.o [1]
  .rodata             const    0x0000866c     0x1  os_dbg.o [1]
  .rodata             const    0x0000866d     0x1  os_dbg.o [1]
  .rodata             const    0x0000866e     0x1  os_dbg.o [1]
  .rodata             const    0x0000866f     0x1  os_dbg.o [1]
  .rodata             const    0x00008670     0x1  os_dbg.o [1]
  .rodata             const    0x00008671     0x1  os_dbg.o [1]
  .rodata             const    0x00008672     0x1  os_dbg.o [1]
  .rodata             const    0x00008673     0x1  os_dbg.o [1]
  .rodata             const    0x00008674     0x1  os_dbg.o [1]
  .rodata             const    0x00008675     0x1  os_dbg.o [1]
  .rodata             const    0x00008676     0x1  os_dbg.o [1]
  .rodata             const    0x00008677     0x1  os_dbg.o [1]
  .rodata             const    0x00008678     0x1  os_dbg.o [1]
  .rodata             const    0x00008679     0x1  os_dbg.o [1]
  .rodata             const    0x0000867a     0x1  os_dbg.o [1]
  .rodata             const    0x0000867b     0x1  os_dbg.o [1]
  .rodata             const    0x0000867c     0x1  os_dbg.o [1]
  .rodata             const    0x0000867d     0x1  os_dbg.o [1]
  .rodata             const    0x0000867e     0x0  zero_init3.o [5]
  .rodata             const    0x0000867e     0x0  packbits_init.o [5]
  Initializer bytes   ro data  0x0000867e    0x51  <for P7 s0>
                             - 0x000086cf  0x85b3

"P7", part 1 of 3:                          0x19c
  P7 s0                        0x20000000   0x199  <Init block>
    __DLIB_PERTHREAD  inited   0x20000000    0x88  localeconv.o [3]
    __DLIB_PERTHREAD  inited   0x20000088    0x74  setlocale.o [3]
    .data             inited   0x200000fc    0x40  fatfs.o [1]
    .data             inited   0x2000013c    0x30  fatfs.o [1]
    .data             inited   0x2000016c    0x20  app.o [1]
    .data             inited   0x2000018c     0x4  app.o [1]
    .data             inited   0x20000190     0x4  app.o [1]
    .data             inited   0x20000194     0x4  bsp_display.o [1]
    .data             inited   0x20000198     0x1  microsd.o [1]
                             - 0x20000199   0x199

"P7", part 2 of 3:                         0x2c3c
  .bss                zero     0x2000019c   0x640  os_cfg_app.o [1]
  .bss                zero     0x200007dc   0x22c  app.o [1]
  .bss                zero     0x20000a08   0x224  fatfs.o [1]
  .bss                zero     0x20000c2c   0x200  app.o [1]
  .bss                zero     0x20000e2c   0x200  app.o [1]
  .bss                zero     0x2000102c   0x200  app.o [1]
  .bss                zero     0x2000122c   0x200  app.o [1]
  .bss                zero     0x2000142c   0x200  app.o [1]
  .bss                zero     0x2000162c   0x200  app.o [1]
  .bss                zero     0x2000182c   0x200  app.o [1]
  .bss                zero     0x20001a2c   0x200  os_cfg_app.o [1]
  .bss                zero     0x20001c2c   0x200  os_cfg_app.o [1]
  .bss                zero     0x20001e2c   0x200  os_cfg_app.o [1]
  .bss                zero     0x2000202c   0x200  os_cfg_app.o [1]
  .bss                zero     0x2000222c   0x118  bsp_int.o [1]
  .bss                zero     0x20002344    0xf0  os_var.o [1]
  .bss                zero     0x20002434    0xbc  app.o [1]
  .bss                zero     0x200024f0    0xbc  app.o [1]
  .bss                zero     0x200025ac    0xbc  app.o [1]
  .bss                zero     0x20002668    0xbc  app.o [1]
  .bss                zero     0x20002724    0xbc  app.o [1]
  .bss                zero     0x200027e0    0xbc  app.o [1]
  .bss                zero     0x2000289c    0xbc  app.o [1]
  .bss                zero     0x20002958    0xbc  os_var.o [1]
  .bss                zero     0x20002a14    0xbc  os_var.o [1]
  .bss                zero     0x20002ad0    0xbc  os_var.o [1]
  .bss                zero     0x20002b8c    0x68  os_cfg_app.o [1]
  .bss                zero     0x20002bf4    0x68  os_cfg_app.o [1]
  .bss                zero     0x20002c5c    0x40  fatfs.o [1]
  .bss                zero     0x20002c9c    0x30  app.o [1]
  .bss                zero     0x20002ccc    0x24  fatfs.o [1]
  .bss                zero     0x20002cf0    0x10  cpu_core.o [1]
  .bss                zero     0x20002d00     0x8  fatfs.o [1]
  .bss                zero     0x20002d08     0x8  os_var.o [1]
  .bss                zero     0x20002d10     0x8  xxmemxmalloc.o [3]
  .bss                zero     0x20002d18     0x4  app.o [1]
  .bss                zero     0x20002d1c     0x4  bsp.o [1]
  .bss                zero     0x20002d20     0x4  bsp_display.o [1]
  .bss                zero     0x20002d24     0x4  cpu_core.o [1]
  .bss                zero     0x20002d28     0x4  cpu_core.o [1]
  .bss                zero     0x20002d2c     0x4  cpu_core.o [1]
  .bss                zero     0x20002d30     0x4  cpu_core.o [1]
  .bss                zero     0x20002d34     0x4  cpu_core.o [1]
  .bss                zero     0x20002d38     0x4  cpu_core.o [1]
  .bss                zero     0x20002d3c     0x4  os_cpu_c.o [1]
  .bss                zero     0x20002d40     0x4  os_prio.o [1]
  .bss                zero     0x20002d44     0x4  os_var.o [1]
  .bss                zero     0x20002d48     0x4  os_var.o [1]
  .bss                zero     0x20002d4c     0x4  os_var.o [1]
  .bss                zero     0x20002d50     0x4  os_var.o [1]
  .bss                zero     0x20002d54     0x4  os_var.o [1]
  .bss                zero     0x20002d58     0x4  os_var.o [1]
  .bss                zero     0x20002d5c     0x4  os_var.o [1]
  .bss                zero     0x20002d60     0x4  os_var.o [1]
  .bss                zero     0x20002d64     0x4  os_var.o [1]
  .bss                zero     0x20002d68     0x4  os_var.o [1]
  .bss                zero     0x20002d6c     0x4  os_var.o [1]
  .bss                zero     0x20002d70     0x4  os_var.o [1]
  .bss                zero     0x20002d74     0x4  os_var.o [1]
  .bss                zero     0x20002d78     0x4  os_var.o [1]
  .bss                zero     0x20002d7c     0x4  os_var.o [1]
  .bss                zero     0x20002d80     0x4  os_var.o [1]
  .bss                zero     0x20002d84     0x4  os_var.o [1]
  .bss                zero     0x20002d88     0x4  os_var.o [1]
  .bss                zero     0x20002d8c     0x4  os_var.o [1]
  .bss                zero     0x20002d90     0x4  os_var.o [1]
  .bss                zero     0x20002d94     0x4  os_var.o [1]
  .bss                zero     0x20002d98     0x4  os_var.o [1]
  .bss                zero     0x20002d9c     0x4  os_var.o [1]
  .bss                zero     0x20002da0     0x4  os_var.o [1]
  .bss                zero     0x20002da4     0x4  os_var.o [1]
  .bss                zero     0x20002da8     0x4  os_var.o [1]
  .bss                zero     0x20002dac     0x4  os_var.o [1]
  .bss                zero     0x20002db0     0x4  xgetmemchunk.o [3]
  .bss                zero     0x20002db4     0x2  cpu_core.o [1]
  .bss                zero     0x20002db6     0x2  cpu_core.o [1]
  .bss                zero     0x20002db8     0x2  fatfs.o [1]
  .bss                zero     0x20002dba     0x2  os_var.o [1]
  .bss                zero     0x20002dbc     0x2  os_var.o [1]
  .bss                zero     0x20002dbe     0x2  os_var.o [1]
  .bss                zero     0x20002dc0     0x2  os_var.o [1]
  .bss                zero     0x20002dc2     0x2  os_var.o [1]
  .bss                zero     0x20002dc4     0x1  app.o [1]
  .bss                zero     0x20002dc5     0x1  app.o [1]
  .bss                zero     0x20002dc6     0x1  app.o [1]
  .bss                zero     0x20002dc7     0x1  app.o [1]
  .bss                zero     0x20002dc8     0x1  app.o [1]
  .bss                zero     0x20002dc9     0x1  microsd.o [1]
  .bss                zero     0x20002dca     0x1  microsd.o [1]
  .bss                zero     0x20002dcb     0x1  microsd.o [1]
  .bss                zero     0x20002dcc     0x1  microsd.o [1]
  .bss                zero     0x20002dcd     0x1  os_var.o [1]
  .bss                zero     0x20002dce     0x1  os_var.o [1]
  .bss                zero     0x20002dcf     0x1  os_var.o [1]
  .bss                zero     0x20002dd0     0x1  os_var.o [1]
  .bss                zero     0x20002dd1     0x1  os_var.o [1]
  .bss                zero     0x20002dd2     0x1  os_var.o [1]
                             - 0x20002dd3  0x2c37

"P7", part 3 of 3:                          0x400
  HEAP                         0x20002dd8     0x0  <Block>
  CSTACK                       0x20002dd8   0x400  <Block>
    CSTACK            uninit   0x20002dd8   0x400  <Block tail>
                             - 0x200031d8   0x400


*******************************************************************************
*** INIT TABLE
***

          Address     Size
          -------     ----
Zero (__iar_zero_init3)
    1 destination range, total size 0x2c37:
          0x2000019c  0x2c37

Copy/packbits (__iar_packbits_init3)
    1 source range, total size 0x51 (19% of destination):
          0x0000867e    0x51
    1 destination range, total size 0x199:
          0x20000000   0x199



*******************************************************************************
*** MODULE SUMMARY
***

    Module                 ro code  ro data  rw data
    ------                 -------  -------  -------
D:\1\cpe484_es6153\Micrium\Software\EvalBoards\TI\LM3S9B92-EVALBOT\IAR\uCOS-III-CE4053_PG\Flash\Obj: [1]
    app.o                    1 912      196    5 553
    app_vect.o                  12      284
    bsp.o                      168                 4
    bsp_display.o              820      572        8
    bsp_int.o                  598               280
    bsp_io.o                   192
    bsp_motor.o                504
    bsp_sensors.o              340
    cpu_a.o                     42
    cpu_bsp.o                   40
    cpu_c.o                    316
    cpu_core.o                 416                44
    ethernet.o                  64
    fatfs.o                  4 816      163      770
    gpio.o                     764       72
    i2c.o                      172
    lib_mem.o                  102
    microsd.o                1 940        1        5
    os_cfg_app.o               224      100    3 856
    os_core.o                2 704       40
    os_cpu_a.o                 132
    os_cpu_c.o                 540                 4
    os_dbg.o                   552      350
    os_flag.o                   28
    os_msg.o                   348
    os_mutex.o                  28
    os_prio.o                  136                 4
    os_q.o                     692
    os_sem.o                    28
    os_task.o                1 836        8
    os_tick.o                1 012       20
    os_time.o                  140
    os_tmr.o                   740       24
    os_var.o                                     936
    pwm.o                      152
    ssi.o                      160
    sysctl.o                 1 168      128
    ------------------------------------------------
    Total:                  23 838    1 958   11 464

command line: [2]
    ------------------------------------------------
    Total:

dl7M_tlf.a: [3]
    abort.o                      6
    div.o                       14
    exit.o                       4
    localeconv.o               108       26      136
    low_level_init.o             4
    memcpy.o                    12
    memset.o                    20
    setlocale.o                 20       23      116
    sprintf.o                   52
    strcat.o                    28
    xencoding_sb.o              96
    xgetmemchunk.o              44                 4
    xmbcurmax.o                 10
    xmbtowc.o                   32
    xprintffull.o            4 462
    xsprout.o                   10
    xtls.o                       2
    xwctomb.o                   26
    xxmemxfree.o               128
    xxmemxmalloc.o             176                 8
    ------------------------------------------------
    Total:                   5 254       49      264

m7M_tl.a: [4]
    DblAdd.o                   212
    DblCmpGe.o                  46
    DblCmpLe.o                  46
    DblDiv.o                   582
    DblMul.o                   418
    DblSub.o                   384
    DblToI32.o                  88
    I32ToDbl.o                  48
    xdnorm.o                    66
    xdscale.o                  268
    ------------------------------------------------
    Total:                   2 158

rt7M_tl.a: [5]
    ABImemcpy_unaligned.o      118
    ABImemset.o                102
    I64DivMod.o                238
    I64DivZer.o                  2
    cexit.o                     10
    cmain.o                     26
    cstartup_M.o                12
    data_init.o                 40
    memchr.o                    88
    memcmp_unaligned.o          98
    packbits_init.o            212
    strchr.o                    22
    strcmp_unaligned.o          66
    strcpy_unaligned.o          68
    strlen.o                    54
    zero_init3.o                34
    ------------------------------------------------
    Total:                   1 190

shb_l.a: [6]
    exit.o                      20
    ------------------------------------------------
    Total:                      20

    Linker created                       44    1 024
----------------------------------------------------
    Grand Total:            32 460    2 051   12 752


*******************************************************************************
*** ENTRY LIST
***

Entry                      Address   Size  Type      Object
-----                      -------   ----  ----      ------
?main                   0x00008425         Code  Gb  cmain.o [5]
AppRobotMotorDriveSensorEnable
                        0x00007ce3   0x1c  Code  Lc  app.o [1]
AppTaskOne              0x00007aed   0x54  Code  Lc  app.o [1]
AppTaskOneStk           0x20000e2c  0x200  Data  Lc  app.o [1]
AppTaskOneTCB           0x200024f0   0xbc  Data  Lc  app.o [1]
AppTaskRepeatOne        0x00007951   0x8a  Code  Lc  app.o [1]
AppTaskRepeatOneStk     0x2000142c  0x200  Data  Lc  app.o [1]
AppTaskRepeatOneTCB     0x20002724   0xbc  Data  Lc  app.o [1]
AppTaskRepeatThree      0x00007a69   0x84  Code  Lc  app.o [1]
AppTaskRepeatThreeStk   0x2000182c  0x200  Data  Lc  app.o [1]
AppTaskRepeatThreeTCB   0x2000289c   0xbc  Data  Lc  app.o [1]
AppTaskRepeatTwo        0x000079dd   0x8a  Code  Lc  app.o [1]
AppTaskRepeatTwoStk     0x2000162c  0x200  Data  Lc  app.o [1]
AppTaskRepeatTwoTCB     0x200027e0   0xbc  Data  Lc  app.o [1]
AppTaskStart            0x0000774d  0x202  Code  Lc  app.o [1]
AppTaskStartStk         0x20000c2c  0x200  Data  Lc  app.o [1]
AppTaskStartTCB         0x20002434   0xbc  Data  Lc  app.o [1]
AppTaskThree            0x00007bb1   0x60  Code  Lc  app.o [1]
AppTaskThreeStk         0x2000122c  0x200  Data  Lc  app.o [1]
AppTaskThreeTCB         0x20002668   0xbc  Data  Lc  app.o [1]
AppTaskTwo              0x00007b45   0x6c  Code  Lc  app.o [1]
AppTaskTwoStk           0x2000102c  0x200  Data  Lc  app.o [1]
AppTaskTwoTCB           0x200025ac   0xbc  Data  Lc  app.o [1]
App_BusFault_ISR        0x00008585    0x2  Code  Lc  app_vect.o [1]
App_Fault_ISR           0x00008583    0x2  Code  Lc  app_vect.o [1]
App_MemFault_ISR        0x00008589    0x2  Code  Lc  app_vect.o [1]
App_NMI_ISR             0x00008581    0x2  Code  Lc  app_vect.o [1]
App_Spurious_ISR        0x0000858b    0x2  Code  Lc  app_vect.o [1]
App_UsageFault_ISR      0x00008587    0x2  Code  Lc  app_vect.o [1]
BSP_BumpSensorsInit     0x0000712d   0x18  Code  Gb  bsp_sensors.o [1]
BSP_CPUClkFreq          0x00006a9d   0x12  Code  Gb  bsp.o [1]
BSP_CPU_ClkFreq_MHz     0x20002d1c    0x4  Data  Gb  bsp.o [1]
BSP_DisplayClear        0x00006e11   0x4c  Code  Gb  bsp_display.o [1]
BSP_DisplayInit         0x00006f5f   0xd8  Code  Gb  bsp_display.o [1]
BSP_DisplayOn           0x00006f23   0x3c  Code  Gb  bsp_display.o [1]
BSP_DisplayStringDraw   0x00006e5d   0xc6  Code  Gb  bsp_display.o [1]
BSP_DisplayWriteArray   0x00006d93   0x3e  Code  Lc  bsp_display.o [1]
BSP_DisplayWriteByte    0x00006d61   0x32  Code  Lc  bsp_display.o [1]
BSP_DisplayWriteFinal   0x00006dd1   0x40  Code  Lc  bsp_display.o [1]
BSP_DisplayWriteFirst   0x00006d39   0x28  Code  Lc  bsp_display.o [1]
BSP_Init                0x00006a39   0x64  Code  Gb  bsp.o [1]
BSP_IntDisAll           0x00006ae1    0x8  Code  Gb  bsp_int.o [1]
BSP_IntEn               0x00006ae9   0x10  Code  Gb  bsp_int.o [1]
BSP_IntHandler          0x00006d0f   0x20  Code  Lc  bsp_int.o [1]
BSP_IntHandlerADC0      0x00006b93    0xa  Code  Gb  bsp_int.o [1]
BSP_IntHandlerADC1      0x00006b9d    0xa  Code  Gb  bsp_int.o [1]
BSP_IntHandlerADC1_0    0x00006cc9    0xa  Code  Gb  bsp_int.o [1]
BSP_IntHandlerADC1_1    0x00006cd3    0xa  Code  Gb  bsp_int.o [1]
BSP_IntHandlerADC1_2    0x00006cdd    0xa  Code  Gb  bsp_int.o [1]
BSP_IntHandlerADC1_3    0x00006ce7    0xa  Code  Gb  bsp_int.o [1]
BSP_IntHandlerADC2      0x00006ba7    0xa  Code  Gb  bsp_int.o [1]
BSP_IntHandlerADC3      0x00006bb1    0xa  Code  Gb  bsp_int.o [1]
BSP_IntHandlerCAN0      0x00006c83    0xa  Code  Gb  bsp_int.o [1]
BSP_IntHandlerCAN1      0x00006c8d    0xa  Code  Gb  bsp_int.o [1]
BSP_IntHandlerCOMP0     0x00006c01    0xa  Code  Gb  bsp_int.o [1]
BSP_IntHandlerCOMP1     0x00006c0b    0xa  Code  Gb  bsp_int.o [1]
BSP_IntHandlerCOMP2     0x00006c15    0xa  Code  Gb  bsp_int.o [1]
BSP_IntHandlerDummy     0x00006d35    0x2  Code  Lc  bsp_int.o [1]
BSP_IntHandlerEPI       0x00006cfb    0xa  Code  Gb  bsp_int.o [1]
BSP_IntHandlerETH       0x00006c97    0xa  Code  Gb  bsp_int.o [1]
BSP_IntHandlerFLASH     0x00006c29    0xa  Code  Gb  bsp_int.o [1]
BSP_IntHandlerGPIOA     0x00006b39    0xa  Code  Gb  bsp_int.o [1]
BSP_IntHandlerGPIOB     0x00006b43    0xa  Code  Gb  bsp_int.o [1]
BSP_IntHandlerGPIOC     0x00006b4d    0xa  Code  Gb  bsp_int.o [1]
BSP_IntHandlerGPIOD     0x00006b57    0xa  Code  Gb  bsp_int.o [1]
BSP_IntHandlerGPIOE     0x00006b61    0xa  Code  Gb  bsp_int.o [1]
BSP_IntHandlerGPIOF     0x00006c33    0xa  Code  Gb  bsp_int.o [1]
BSP_IntHandlerGPIOG     0x00006c3d    0xa  Code  Gb  bsp_int.o [1]
BSP_IntHandlerGPIOH     0x00006c47    0xa  Code  Gb  bsp_int.o [1]
BSP_IntHandlerGPIOJ     0x00006d05    0xa  Code  Gb  bsp_int.o [1]
BSP_IntHandlerHIBERNATE
                        0x00006ca1    0xa  Code  Gb  bsp_int.o [1]
BSP_IntHandlerI2C0      0x00006b89    0xa  Code  Gb  bsp_int.o [1]
BSP_IntHandlerI2C1      0x00006c79    0xa  Code  Gb  bsp_int.o [1]
BSP_IntHandlerI2S0      0x00006cf1    0xa  Code  Gb  bsp_int.o [1]
BSP_IntHandlerSSI0      0x00006b7f    0xa  Code  Gb  bsp_int.o [1]
BSP_IntHandlerSSI1      0x00006c5b    0xa  Code  Gb  bsp_int.o [1]
BSP_IntHandlerSYSCTL    0x00006c1f    0xa  Code  Gb  bsp_int.o [1]
BSP_IntHandlerTIMER0A   0x00006bc5    0xa  Code  Gb  bsp_int.o [1]
BSP_IntHandlerTIMER0B   0x00006bcf    0xa  Code  Gb  bsp_int.o [1]
BSP_IntHandlerTIMER1A   0x00006bd9    0xa  Code  Gb  bsp_int.o [1]
BSP_IntHandlerTIMER1B   0x00006be3    0xa  Code  Gb  bsp_int.o [1]
BSP_IntHandlerTIMER2A   0x00006bed    0xa  Code  Gb  bsp_int.o [1]
BSP_IntHandlerTIMER2B   0x00006bf7    0xa  Code  Gb  bsp_int.o [1]
BSP_IntHandlerTIMER3A   0x00006c65    0xa  Code  Gb  bsp_int.o [1]
BSP_IntHandlerTIMER3B   0x00006c6f    0xa  Code  Gb  bsp_int.o [1]
BSP_IntHandlerUART0     0x00006b6b    0xa  Code  Gb  bsp_int.o [1]
BSP_IntHandlerUART1     0x00006b75    0xa  Code  Gb  bsp_int.o [1]
BSP_IntHandlerUART2     0x00006c51    0xa  Code  Gb  bsp_int.o [1]
BSP_IntHandlerUDMA_ERR  0x00006cbf    0xa  Code  Gb  bsp_int.o [1]
BSP_IntHandlerUDMA_SW   0x00006cb5    0xa  Code  Gb  bsp_int.o [1]
BSP_IntHandlerUSB       0x00006cab    0xa  Code  Gb  bsp_int.o [1]
BSP_IntHandlerWATCHDOG  0x00006bbb    0xa  Code  Gb  bsp_int.o [1]
BSP_IntInit             0x00006b21   0x18  Code  Gb  bsp_int.o [1]
BSP_IntVectSet          0x00006af9   0x28  Code  Gb  bsp_int.o [1]
BSP_IntVectTbl          0x2000222c  0x118  Data  Lc  bsp_int.o [1]
BSP_LED_Off             0x00007097   0x36  Code  Gb  bsp_io.o [1]
BSP_LED_Toggle          0x000070cd   0x54  Code  Gb  bsp_io.o [1]
BSP_LEDsInit            0x00007085   0x12  Code  Gb  bsp_io.o [1]
BSP_MotorDir            0x0000735d   0x44  Code  Gb  bsp_motor.o [1]
BSP_MotorRun            0x000073a1   0x1c  Code  Gb  bsp_motor.o [1]
BSP_MotorSpeed          0x000073ed   0x76  Code  Gb  bsp_motor.o [1]
BSP_MotorStop           0x000073bd   0x30  Code  Gb  bsp_motor.o [1]
BSP_MotorsInit          0x00007281   0xdc  Code  Gb  bsp_motor.o [1]
BSP_PushButtonsInit     0x0000706d   0x18  Code  Gb  bsp_io.o [1]
BSP_WheelSensorEnable   0x000071e7    0xe  Code  Gb  bsp_sensors.o [1]
BSP_WheelSensorIntEnable
                        0x000071f5   0x7e  Code  Gb  bsp_sensors.o [1]
BSP_WheelSensorsInit    0x00007145   0xa2  Code  Gb  bsp_sensors.o [1]
CPU_CntLeadZeros        0x000066e3         Code  Gb  cpu_a.o [1]
CPU_Init                0x000066f9   0x10  Code  Gb  cpu_core.o [1]
CPU_IntDis              0x000066cd         Code  Gb  cpu_a.o [1]
CPU_IntDisMeasCtr       0x20002db4    0x2  Data  Gb  cpu_core.o [1]
CPU_IntDisMeasInit      0x000067eb   0x74  Code  Lc  cpu_core.o [1]
CPU_IntDisMeasMaxCalc   0x0000685f   0x14  Code  Lc  cpu_core.o [1]
CPU_IntDisMeasMaxCurGet
                        0x00006751   0x1c  Code  Gb  cpu_core.o [1]
CPU_IntDisMeasMaxCurReset
                        0x00006731   0x20  Code  Gb  cpu_core.o [1]
CPU_IntDisMeasMaxCur_cnts
                        0x20002d34    0x4  Data  Gb  cpu_core.o [1]
CPU_IntDisMeasMax_cnts  0x20002d38    0x4  Data  Gb  cpu_core.o [1]
CPU_IntDisMeasOvrhd_cnts
                        0x20002d30    0x4  Data  Gb  cpu_core.o [1]
CPU_IntDisMeasStart     0x0000676d   0x28  Code  Gb  cpu_core.o [1]
CPU_IntDisMeasStart_cnts
                        0x20002d28    0x4  Data  Gb  cpu_core.o [1]
CPU_IntDisMeasStop      0x00006795   0x40  Code  Gb  cpu_core.o [1]
CPU_IntDisMeasStop_cnts
                        0x20002d2c    0x4  Data  Gb  cpu_core.o [1]
CPU_IntDisNestCtr       0x20002db6    0x2  Data  Gb  cpu_core.o [1]
CPU_IntEn               0x000066d1         Code  Gb  cpu_a.o [1]
CPU_IntSrcEn            0x00007479  0x12c  Code  Gb  cpu_c.o [1]
CPU_Name                0x20002cf0   0x10  Data  Gb  cpu_core.o [1]
CPU_NameClr             0x00006709   0x22  Code  Gb  cpu_core.o [1]
CPU_NameInit            0x000067d5    0x8  Code  Lc  cpu_core.o [1]
CPU_RevBits             0x000066e9         Code  Gb  cpu_a.o [1]
CPU_SR_Restore          0x000066dd         Code  Gb  cpu_a.o [1]
CPU_SR_Save             0x000066d5         Code  Gb  cpu_a.o [1]
CPU_TS_Init             0x000067dd    0xe  Code  Lc  cpu_core.o [1]
CPU_TS_TmrFreqSet       0x0000672b    0x6  Code  Gb  cpu_core.o [1]
CPU_TS_TmrFreq_Hz       0x20002d24    0x4  Data  Gb  cpu_core.o [1]
CPU_TS_TmrInit          0x0000691d   0x18  Code  Gb  cpu_bsp.o [1]
CPU_TS_TmrRd            0x00006935    0x6  Code  Gb  cpu_bsp.o [1]
CPU_WaitForExcept       0x000066f3         Code  Gb  cpu_a.o [1]
CPU_WaitForInt          0x000066ef         Code  Gb  cpu_a.o [1]
CSTACK$$Base            0x20002dd8          --   Gb  - Linker created -
CSTACK$$Limit           0x200031d8          --   Gb  - Linker created -
CardType                0x20002dcb    0x1  Data  Lc  microsd.o [1]
CmdLineProcess          0x0000011d   0x6c  Code  Gb  fatfs.o [1]
Cmd_app                 0x00001261  0x11a  Code  Gb  fatfs.o [1]
Cmd_cat                 0x000011bf   0x9c  Code  Gb  fatfs.o [1]
Cmd_new                 0x0000137b   0x50  Code  Gb  fatfs.o [1]
DESELECT                0x0000146d   0x10  Code  Lc  microsd.o [1]
DummyQ                  0x20002c9c   0x30  Data  Gb  app.o [1]
EthernetPHYRead         0x00007e91   0x20  Code  Gb  ethernet.o [1]
EthernetPHYWrite        0x00007e71   0x20  Code  Gb  ethernet.o [1]
FatFs                   0x20002d00    0x8  Data  Lc  fatfs.o [1]
GPIODirModeSet          0x00001d3d   0x46  Code  Gb  gpio.o [1]
GPIOIntTypeSet          0x00001d83   0x5a  Code  Gb  gpio.o [1]
GPIOPadConfigSet        0x00001ddd  0x10e  Code  Gb  gpio.o [1]
GPIOPinConfigure        0x00001fe7   0x46  Code  Gb  gpio.o [1]
GPIOPinIntClear         0x00001f23    0x8  Code  Gb  gpio.o [1]
GPIOPinIntDisable       0x00001efd   0x12  Code  Gb  gpio.o [1]
GPIOPinIntEnable        0x00001eeb   0x12  Code  Gb  gpio.o [1]
GPIOPinIntStatus        0x00001f0f   0x14  Code  Gb  gpio.o [1]
GPIOPinRead             0x00001f2b    0x8  Code  Gb  gpio.o [1]
GPIOPinTypeGPIOInput    0x00001f3d   0x22  Code  Gb  gpio.o [1]
GPIOPinTypeGPIOOutput   0x00001f5f   0x22  Code  Gb  gpio.o [1]
GPIOPinTypeI2C          0x00001f81   0x22  Code  Gb  gpio.o [1]
GPIOPinTypePWM          0x00001fa3   0x22  Code  Gb  gpio.o [1]
GPIOPinTypeSSI          0x00001fc5   0x22  Code  Gb  gpio.o [1]
GPIOPinWrite            0x00001f33    0xa  Code  Gb  gpio.o [1]
GetTagValue             0x00001187   0x38  Code  Gb  fatfs.o [1]
HEAP$$Base              0x20002dd8          --   Gb  - Linker created -
HEAP$$Limit             0x20002dd8          --   Gb  - Linker created -
I2CMasterControl        0x00007639    0x4  Code  Gb  i2c.o [1]
I2CMasterDataPut        0x0000765b    0x6  Code  Gb  i2c.o [1]
I2CMasterEnable         0x000075f3    0xa  Code  Gb  i2c.o [1]
I2CMasterErr            0x0000763d   0x1e  Code  Gb  i2c.o [1]
I2CMasterInitExpClk     0x000075b5   0x3e  Code  Gb  i2c.o [1]
I2CMasterIntStatus      0x000075fd   0x26  Code  Gb  i2c.o [1]
I2CMasterSlaveAddrSet   0x0000762d    0xc  Code  Gb  i2c.o [1]
InStream_Read           0x0000808d   0x22  Code  Lc  packbits_init.o [5]
IntWheelSensor          0x00007c11   0xd2  Code  Gb  app.o [1]
Left_tgt                0x20002dc4    0x1  Data  Gb  app.o [1]
Mem_Clr                 0x000069d1    0xc  Code  Gb  lib_mem.o [1]
Mem_Set                 0x000069dd   0x5a  Code  Gb  lib_mem.o [1]
OSCfg_DataSizeRAM       0x0000863c    0x4  Data  Gb  os_cfg_app.o [1]
OSCfg_ISRStk            0x20001c2c  0x200  Data  Gb  os_cfg_app.o [1]
OSCfg_ISRStkBasePtr     0x000085f4    0x4  Data  Gb  os_cfg_app.o [1]
OSCfg_ISRStkSize        0x000085f8    0x4  Data  Gb  os_cfg_app.o [1]
OSCfg_ISRStkSizeRAM     0x000085fc    0x4  Data  Gb  os_cfg_app.o [1]
OSCfg_IdleTaskStk       0x20001a2c  0x200  Data  Gb  os_cfg_app.o [1]
OSCfg_IdleTaskStkBasePtr
                        0x000085e4    0x4  Data  Gb  os_cfg_app.o [1]
OSCfg_IdleTaskStkLimit  0x000085e8    0x4  Data  Gb  os_cfg_app.o [1]
OSCfg_IdleTaskStkSize   0x000085ec    0x4  Data  Gb  os_cfg_app.o [1]
OSCfg_IdleTaskStkSizeRAM
                        0x000085f0    0x4  Data  Gb  os_cfg_app.o [1]
OSCfg_Init              0x000065ed   0xe0  Code  Gb  os_cfg_app.o [1]
OSCfg_MsgPool           0x2000019c  0x640  Data  Gb  os_cfg_app.o [1]
OSCfg_MsgPoolBasePtr    0x00008604    0x4  Data  Gb  os_cfg_app.o [1]
OSCfg_MsgPoolSize       0x00001ca6    0x2  Data  Gb  os_cfg_app.o [1]
OSCfg_MsgPoolSizeRAM    0x00008600    0x4  Data  Gb  os_cfg_app.o [1]
OSCfg_StkSizeMin        0x00008608    0x4  Data  Gb  os_cfg_app.o [1]
OSCfg_TickRate_Hz       0x0000860c    0x4  Data  Gb  os_cfg_app.o [1]
OSCfg_TickTaskPrio      0x00008656    0x1  Data  Gb  os_cfg_app.o [1]
OSCfg_TickTaskStk       0x20001e2c  0x200  Data  Gb  os_cfg_app.o [1]
OSCfg_TickTaskStkBasePtr
                        0x00008610    0x4  Data  Gb  os_cfg_app.o [1]
OSCfg_TickTaskStkLimit  0x00008614    0x4  Data  Gb  os_cfg_app.o [1]
OSCfg_TickTaskStkSize   0x00008618    0x4  Data  Gb  os_cfg_app.o [1]
OSCfg_TickTaskStkSizeRAM
                        0x0000861c    0x4  Data  Gb  os_cfg_app.o [1]
OSCfg_TickWheel         0x20002b8c   0x68  Data  Gb  os_cfg_app.o [1]
OSCfg_TickWheelSize     0x000025ce    0x2  Data  Gb  os_cfg_app.o [1]
OSCfg_TickWheelSizeRAM  0x00008620    0x4  Data  Gb  os_cfg_app.o [1]
OSCfg_TmrTaskPrio       0x00008657    0x1  Data  Gb  os_cfg_app.o [1]
OSCfg_TmrTaskRate_Hz    0x00008624    0x4  Data  Gb  os_cfg_app.o [1]
OSCfg_TmrTaskStk        0x2000202c  0x200  Data  Gb  os_cfg_app.o [1]
OSCfg_TmrTaskStkBasePtr
                        0x00008628    0x4  Data  Gb  os_cfg_app.o [1]
OSCfg_TmrTaskStkLimit   0x0000862c    0x4  Data  Gb  os_cfg_app.o [1]
OSCfg_TmrTaskStkSize    0x00008630    0x4  Data  Gb  os_cfg_app.o [1]
OSCfg_TmrTaskStkSizeRAM
                        0x00008634    0x4  Data  Gb  os_cfg_app.o [1]
OSCfg_TmrWheel          0x20002bf4   0x68  Data  Gb  os_cfg_app.o [1]
OSCfg_TmrWheelSize      0x00002646    0x2  Data  Gb  os_cfg_app.o [1]
OSCfg_TmrWheelSizeRAM   0x00008638    0x4  Data  Gb  os_cfg_app.o [1]
OSDbg_AppHooksEn        0x00008659    0x1  Data  Gb  os_dbg.o [1]
OSDbg_ArgChkEn          0x00008658    0x1  Data  Gb  os_dbg.o [1]
OSDbg_CalledFromISRChkEn
                        0x0000865a    0x1  Data  Gb  os_dbg.o [1]
OSDbg_DataSize          0x00008648    0x4  Data  Gb  os_dbg.o [1]
OSDbg_DbgEn             0x000037d6    0x2  Data  Gb  os_dbg.o [1]
OSDbg_EndiannessTest    0x00008640    0x4  Data  Gb  os_dbg.o [1]
OSDbg_FlagDelEn         0x0000865c    0x1  Data  Gb  os_dbg.o [1]
OSDbg_FlagEn            0x0000865b    0x1  Data  Gb  os_dbg.o [1]
OSDbg_FlagGrp           0x00008300   0x28  Data  Gb  os_dbg.o [1]
OSDbg_FlagGrpSize       0x000037ee    0x2  Data  Gb  os_dbg.o [1]
OSDbg_FlagModeClrEn     0x0000865d    0x1  Data  Gb  os_dbg.o [1]
OSDbg_FlagPendAbortEn   0x0000865e    0x1  Data  Gb  os_dbg.o [1]
OSDbg_FlagWidth         0x00003852    0x2  Data  Gb  os_dbg.o [1]
OSDbg_ISRPostDeferredEn
                        0x0000865f    0x1  Data  Gb  os_dbg.o [1]
OSDbg_Mem               0x000083e8   0x20  Data  Gb  os_dbg.o [1]
OSDbg_MemEn             0x00008660    0x1  Data  Gb  os_dbg.o [1]
OSDbg_MsgEn             0x00008661    0x1  Data  Gb  os_dbg.o [1]
OSDbg_MsgPoolSize       0x00003a8e    0x2  Data  Gb  os_dbg.o [1]
OSDbg_MsgQSize          0x00003ca2    0x2  Data  Gb  os_dbg.o [1]
OSDbg_MsgSize           0x0000391e    0x2  Data  Gb  os_dbg.o [1]
OSDbg_Mutex             0x000082d4   0x2c  Data  Gb  os_dbg.o [1]
OSDbg_MutexDelEn        0x00008663    0x1  Data  Gb  os_dbg.o [1]
OSDbg_MutexEn           0x00008662    0x1  Data  Gb  os_dbg.o [1]
OSDbg_MutexPendAbortEn  0x00008664    0x1  Data  Gb  os_dbg.o [1]
OSDbg_MutexSize         0x00003cd2    0x2  Data  Gb  os_dbg.o [1]
OSDbg_ObjTypeChkEn      0x00008665    0x1  Data  Gb  os_dbg.o [1]
OSDbg_PendDataSize      0x0000422e    0x2  Data  Gb  os_dbg.o [1]
OSDbg_PendListSize      0x000042aa    0x2  Data  Gb  os_dbg.o [1]
OSDbg_PendMultiEn       0x00008666    0x1  Data  Gb  os_dbg.o [1]
OSDbg_PendObjSize       0x0000434e    0x2  Data  Gb  os_dbg.o [1]
OSDbg_PrioMax           0x00004426    0x2  Data  Gb  os_dbg.o [1]
OSDbg_PrioTblSize       0x000066f6    0x2  Data  Gb  os_dbg.o [1]
OSDbg_PtrSize           0x00006a36    0x2  Data  Gb  os_dbg.o [1]
OSDbg_Q                 0x000082a4   0x30  Data  Gb  os_dbg.o [1]
OSDbg_QDelEn            0x00008668    0x1  Data  Gb  os_dbg.o [1]
OSDbg_QEn               0x00008667    0x1  Data  Gb  os_dbg.o [1]
OSDbg_QFlushEn          0x00008669    0x1  Data  Gb  os_dbg.o [1]
OSDbg_QPendAbortEn      0x0000866a    0x1  Data  Gb  os_dbg.o [1]
OSDbg_QSize             0x00006d36    0x2  Data  Gb  os_dbg.o [1]
OSDbg_RdyList           0x00008446    0x2  Data  Gb  os_dbg.o [1]
OSDbg_RdyListSize       0x00008644    0x4  Data  Gb  os_dbg.o [1]
OSDbg_SchedRoundRobinEn
                        0x0000866b    0x1  Data  Gb  os_dbg.o [1]
OSDbg_Sem               0x00008328   0x28  Data  Gb  os_dbg.o [1]
OSDbg_SemDelEn          0x0000866d    0x1  Data  Gb  os_dbg.o [1]
OSDbg_SemEn             0x0000866c    0x1  Data  Gb  os_dbg.o [1]
OSDbg_SemPendAbortEn    0x0000866e    0x1  Data  Gb  os_dbg.o [1]
OSDbg_SemSetEn          0x0000866f    0x1  Data  Gb  os_dbg.o [1]
OSDbg_SemSize           0x00008166    0x2  Data  Gb  os_dbg.o [1]
OSDbg_StatTaskEn        0x00008671    0x1  Data  Gb  os_dbg.o [1]
OSDbg_StatTaskStkChkEn  0x00008672    0x1  Data  Gb  os_dbg.o [1]
OSDbg_StkWidth          0x00008670    0x1  Data  Gb  os_dbg.o [1]
OSDbg_TCBSize           0x0000864c    0x2  Data  Gb  os_dbg.o [1]
OSDbg_TaskChangePrioEn  0x00008673    0x1  Data  Gb  os_dbg.o [1]
OSDbg_TaskDelEn         0x00008674    0x1  Data  Gb  os_dbg.o [1]
OSDbg_TaskProfileEn     0x00008677    0x1  Data  Gb  os_dbg.o [1]
OSDbg_TaskQEn           0x00008675    0x1  Data  Gb  os_dbg.o [1]
OSDbg_TaskQPendAbortEn  0x00008676    0x1  Data  Gb  os_dbg.o [1]
OSDbg_TaskRegTblSize    0x00008452    0x2  Data  Gb  os_dbg.o [1]
OSDbg_TaskSemPendAbortEn
                        0x00008678    0x1  Data  Gb  os_dbg.o [1]
OSDbg_TaskSuspendEn     0x00008679    0x1  Data  Gb  os_dbg.o [1]
OSDbg_TickSpokeSize     0x0000864e    0x2  Data  Gb  os_dbg.o [1]
OSDbg_TimeDlyHMSMEn     0x0000867a    0x1  Data  Gb  os_dbg.o [1]
OSDbg_TimeDlyResumeEn   0x0000867b    0x1  Data  Gb  os_dbg.o [1]
OSDbg_Tmr               0x00008270   0x34  Data  Gb  os_dbg.o [1]
OSDbg_TmrDelEn          0x0000867d    0x1  Data  Gb  os_dbg.o [1]
OSDbg_TmrEn             0x0000867c    0x1  Data  Gb  os_dbg.o [1]
OSDbg_TmrSize           0x00008650    0x2  Data  Gb  os_dbg.o [1]
OSDbg_TmrSpokeSize      0x00008652    0x2  Data  Gb  os_dbg.o [1]
OSDbg_VersionNbr        0x00008654    0x2  Data  Gb  os_dbg.o [1]
OSFlagDbgListPtr        0x20002d64    0x4  Data  Gb  os_var.o [1]
OSFlagQty               0x20002dba    0x2  Data  Gb  os_var.o [1]
OSIdleTaskCtr           0x20002d60    0x4  Data  Gb  os_var.o [1]
OSIdleTaskHook          0x00004eb9   0x12  Code  Gb  os_cpu_c.o [1]
OSIdleTaskTCB           0x20002958   0xbc  Data  Gb  os_var.o [1]
OSInit                  0x00004429  0x130  Code  Gb  os_core.o [1]
OSInitHook              0x00004ecb   0x14  Code  Gb  os_cpu_c.o [1]
OSIntEnter              0x00004559   0x24  Code  Gb  os_core.o [1]
OSIntExit               0x0000457d   0xc8  Code  Gb  os_core.o [1]
OSIntNestingCtr         0x20002dcd    0x1  Data  Gb  os_var.o [1]
OSMsgPool               0x20002d08    0x8  Data  Gb  os_var.o [1]
OSMutexDbgListPtr       0x20002d68    0x4  Data  Gb  os_var.o [1]
OSMutexQty              0x20002dbc    0x2  Data  Gb  os_var.o [1]
OSPrioCur               0x20002dcf    0x1  Data  Gb  os_var.o [1]
OSPrioHighRdy           0x20002dd0    0x1  Data  Gb  os_var.o [1]
OSPrioTbl               0x20002d40    0x4  Data  Gb  os_prio.o [1]
OSQCreate               0x00005e11   0x82  Code  Gb  os_q.o [1]
OSQDbgListPtr           0x20002d6c    0x4  Data  Gb  os_var.o [1]
OSQPend                 0x00005e93  0x1da  Code  Gb  os_q.o [1]
OSQQty                  0x20002dbe    0x2  Data  Gb  os_var.o [1]
OSRdyList               0x20002344   0xf0  Data  Gb  os_var.o [1]
OSRunning               0x20002dce    0x1  Data  Gb  os_var.o [1]
OSSched                 0x00004645   0x8e  Code  Gb  os_core.o [1]
OSSchedLock             0x000046d3   0x68  Code  Gb  os_core.o [1]
OSSchedLockNestingCtr   0x20002dd1    0x1  Data  Gb  os_var.o [1]
OSSchedLockTimeBegin    0x20002d70    0x4  Data  Gb  os_var.o [1]
OSSchedLockTimeMax      0x20002d74    0x4  Data  Gb  os_var.o [1]
OSSchedLockTimeMaxCur   0x20002d78    0x4  Data  Gb  os_var.o [1]
OSSchedRoundRobinDfltTimeQuanta
                        0x20002d7c    0x4  Data  Gb  os_var.o [1]
OSSchedRoundRobinEn     0x20002dd2    0x1  Data  Gb  os_var.o [1]
OSSchedUnlock           0x0000473b   0x88  Code  Gb  os_core.o [1]
OSSemDbgListPtr         0x20002d80    0x4  Data  Gb  os_var.o [1]
OSSemQty                0x20002dc0    0x2  Data  Gb  os_var.o [1]
OSStart                 0x000047c3   0x64  Code  Gb  os_core.o [1]
OSStartHighRdy          0x00006899         Code  Gb  os_cpu_a.o [1]
OSTCBCurPtr             0x20002da8    0x4  Data  Gb  os_var.o [1]
OSTCBHighRdyPtr         0x20002dac    0x4  Data  Gb  os_var.o [1]
OSTaskCreate            0x0000515d  0x188  Code  Gb  os_task.o [1]
OSTaskCreateHook        0x00004edf   0x12  Code  Gb  os_cpu_c.o [1]
OSTaskCtxSwCtr          0x20002d84    0x4  Data  Gb  os_var.o [1]
OSTaskDbgListPtr        0x20002d88    0x4  Data  Gb  os_var.o [1]
OSTaskDel               0x000052e5  0x104  Code  Gb  os_task.o [1]
OSTaskDelHook           0x00004ef1   0x12  Code  Gb  os_cpu_c.o [1]
OSTaskQty               0x20002dc2    0x2  Data  Gb  os_var.o [1]
OSTaskReturnHook        0x00004f03   0x12  Code  Gb  os_cpu_c.o [1]
OSTaskSemPend           0x000053e9  0x1ce  Code  Gb  os_task.o [1]
OSTaskSemPost           0x000055b7   0x1c  Code  Gb  os_task.o [1]
OSTaskStkInit           0x00004f15   0x80  Code  Gb  os_cpu_c.o [1]
OSTaskSwHook            0x00004f95   0x90  Code  Gb  os_cpu_c.o [1]
OSTickCtr               0x20002d8c    0x4  Data  Gb  os_var.o [1]
OSTickTaskTCB           0x20002a14   0xbc  Data  Gb  os_var.o [1]
OSTickTaskTimeMax       0x20002d90    0x4  Data  Gb  os_var.o [1]
OSTimeGet               0x00006945   0x26  Code  Gb  os_time.o [1]
OSTimeTick              0x0000696b   0x4a  Code  Gb  os_time.o [1]
OSTimeTickHook          0x00005025   0x12  Code  Gb  os_cpu_c.o [1]
OSTmrDbgListPtr         0x20002d94    0x4  Data  Gb  os_var.o [1]
OSTmrTaskTCB            0x20002ad0   0xbc  Data  Gb  os_var.o [1]
OSTmrTaskTimeMax        0x20002d98    0x4  Data  Gb  os_var.o [1]
OSTmrTickCtr            0x20002d9c    0x4  Data  Gb  os_var.o [1]
OSTmrUpdateCnt          0x20002da0    0x4  Data  Gb  os_var.o [1]
OSTmrUpdateCtr          0x20002da4    0x4  Data  Gb  os_var.o [1]
OS_AppIdleTaskHookPtr   0x20002d50    0x4  Data  Gb  os_var.o [1]
OS_AppStatTaskHookPtr   0x20002d54    0x4  Data  Gb  os_var.o [1]
OS_AppTaskCreateHookPtr
                        0x20002d44    0x4  Data  Gb  os_var.o [1]
OS_AppTaskDelHookPtr    0x20002d48    0x4  Data  Gb  os_var.o [1]
OS_AppTaskReturnHookPtr
                        0x20002d4c    0x4  Data  Gb  os_var.o [1]
OS_AppTaskSwHookPtr     0x20002d58    0x4  Data  Gb  os_var.o [1]
OS_AppTimeTickHookPtr   0x20002d5c    0x4  Data  Gb  os_var.o [1]
OS_CPU_ExceptStkBase    0x20002d3c    0x4  Data  Gb  os_cpu_c.o [1]
OS_CPU_PendSVHandler    0x000068b7         Code  Gb  os_cpu_a.o [1]
OS_CPU_SysTickHandler   0x00005037   0x2c  Code  Gb  os_cpu_c.o [1]
OS_CPU_SysTickInit      0x00005063   0x2c  Code  Gb  os_cpu_c.o [1]
OS_Dbg_Init             0x000063c5  0x228  Code  Gb  os_dbg.o [1]
OS_FlagInit             0x00005c7d   0x12  Code  Gb  os_flag.o [1]
OS_IdleTask             0x00004827   0x2c  Code  Gb  os_core.o [1]
OS_IdleTaskInit         0x00004853   0x50  Code  Gb  os_core.o [1]
OS_MsgPoolCreate        0x00005c99   0x3c  Code  Gb  os_msg.o [1]
OS_MsgPoolInit          0x00005cd5   0x4c  Code  Gb  os_msg.o [1]
OS_MsgQFreeAll          0x00005d21   0x44  Code  Gb  os_msg.o [1]
OS_MsgQGet              0x00005d79   0x70  Code  Gb  os_msg.o [1]
OS_MsgQInit             0x00005d65   0x14  Code  Gb  os_msg.o [1]
OS_MutexInit            0x00005df5   0x12  Code  Gb  os_mutex.o [1]
OS_Pend                 0x000048a3   0x6c  Code  Gb  os_core.o [1]
OS_PendDataInit         0x0000490f   0x34  Code  Gb  os_core.o [1]
OS_PendDbgNameAdd       0x00004943   0x42  Code  Gb  os_core.o [1]
OS_PendDbgNameRemove    0x00004985   0x1e  Code  Gb  os_core.o [1]
OS_PendListInit         0x000049a3    0xe  Code  Gb  os_core.o [1]
OS_PendListInsertPrio   0x000049b1   0x6e  Code  Gb  os_core.o [1]
OS_PendListRemove       0x00004a1f   0x28  Code  Gb  os_core.o [1]
OS_PendListRemove1      0x00004a47   0x48  Code  Gb  os_core.o [1]
OS_Post                 0x00004a8f   0xc0  Code  Gb  os_core.o [1]
OS_Post1                0x00004b4f   0x26  Code  Gb  os_core.o [1]
OS_PrioGetHighest       0x000050e9   0x20  Code  Gb  os_prio.o [1]
OS_PrioInit             0x000050d5   0x14  Code  Gb  os_prio.o [1]
OS_PrioInsert           0x00005109   0x26  Code  Gb  os_prio.o [1]
OS_PrioRemove           0x0000512f   0x28  Code  Gb  os_prio.o [1]
OS_QDbgListAdd          0x0000606d   0x28  Code  Gb  os_q.o [1]
OS_QInit                0x00006095   0x12  Code  Gb  os_q.o [1]
OS_RdyListInit          0x00004b75   0x24  Code  Gb  os_core.o [1]
OS_RdyListInsert        0x00004ba1   0x28  Code  Gb  os_core.o [1]
OS_RdyListInsertHead    0x00004bc9   0x3a  Code  Gb  os_core.o [1]
OS_RdyListInsertTail    0x00004c03   0x38  Code  Gb  os_core.o [1]
OS_RdyListMoveHeadToTail
                        0x00004c3b   0x40  Code  Gb  os_core.o [1]
OS_RdyListRemove        0x00004c7b   0x5c  Code  Gb  os_core.o [1]
OS_SchedLockTimeMeasStart
                        0x00004ce1   0x14  Code  Gb  os_core.o [1]
OS_SchedLockTimeMeasStop
                        0x00004d11   0x2e  Code  Gb  os_core.o [1]
OS_SchedRoundRobin      0x00004d61   0xa6  Code  Gb  os_core.o [1]
OS_SemInit              0x000060c5   0x12  Code  Gb  os_sem.o [1]
OS_TaskBlock            0x00004e65   0x3a  Code  Gb  os_core.o [1]
OS_TaskDbgListAdd       0x000055d3   0x2e  Code  Gb  os_task.o [1]
OS_TaskDbgListRemove    0x00005601   0x4a  Code  Gb  os_task.o [1]
OS_TaskInit             0x0000564b   0x18  Code  Gb  os_task.o [1]
OS_TaskInitTCB          0x00005663  0x108  Code  Gb  os_task.o [1]
OS_TaskRdy              0x00004e9f   0x1a  Code  Gb  os_core.o [1]
OS_TaskReturn           0x00005775   0x14  Code  Gb  os_task.o [1]
OS_TaskSemPost          0x00005791   0xd4  Code  Gb  os_task.o [1]
OS_TickListInit         0x00005925   0x2a  Code  Gb  os_tick.o [1]
OS_TickListInsert       0x0000594f  0x11c  Code  Gb  os_tick.o [1]
OS_TickListRemove       0x00005a6b   0x42  Code  Gb  os_tick.o [1]
OS_TickListUpdate       0x00005aad  0x198  Code  Gb  os_tick.o [1]
OS_TickTask             0x00005889   0x28  Code  Gb  os_tick.o [1]
OS_TickTaskInit         0x000058b1   0x74  Code  Gb  os_tick.o [1]
OS_TmrInit              0x000060e1   0xda  Code  Gb  os_tmr.o [1]
OS_TmrLink              0x000061bb   0xd0  Code  Gb  os_tmr.o [1]
OS_TmrTask              0x000062d9   0xaa  Code  Gb  os_tmr.o [1]
OS_TmrUnlink            0x0000628b   0x4c  Code  Gb  os_tmr.o [1]
PWMGenConfigure         0x00007661   0x28  Code  Gb  pwm.o [1]
PWMGenEnable            0x0000769d    0xa  Code  Gb  pwm.o [1]
PWMGenPeriodSet         0x00007689   0x14  Code  Gb  pwm.o [1]
PWMOutputInvert         0x000076e3   0x16  Code  Gb  pwm.o [1]
PWMOutputState          0x000076cd   0x16  Code  Gb  pwm.o [1]
PWMPulseWidthSet        0x000076a7   0x26  Code  Gb  pwm.o [1]
PowerFlag               0x20002dcc    0x1  Data  Lc  microsd.o [1]
Region$$Table$$Base     0x0000839c          --   Gb  - Linker created -
Region$$Table$$Limit    0x000083c8          --   Gb  - Linker created -
Right_tgt               0x20002dc5    0x1  Data  Gb  app.o [1]
RoboTurn                0x00007cff   0xc6  Code  Gb  app.o [1]
SELECT                  0x00001451   0x1c  Code  Lc  microsd.o [1]
SSIConfigSetExpClk      0x00002039   0x76  Code  Gb  ssi.o [1]
SSIDataGet              0x000020cd    0xc  Code  Gb  ssi.o [1]
SSIDataPut              0x000020c3    0xa  Code  Gb  ssi.o [1]
SSIDisable              0x000020b9    0xa  Code  Gb  ssi.o [1]
SSIEnable               0x000020af    0xa  Code  Gb  ssi.o [1]
Stat                    0x20000198    0x1  Data  Lc  microsd.o [1]
SysCtlClockGet          0x000022ef  0x200  Code  Gb  sysctl.o [1]
SysCtlClockSet          0x0000218d  0x162  Code  Gb  sysctl.o [1]
SysCtlDelay             0x00002185    0x8  Code  Gb  sysctl.o [1]
SysCtlPWMClockSet       0x000024ef   0x10  Code  Gb  sysctl.o [1]
SysCtlPeripheralDeepSleepDisable
                        0x0000215f   0x26  Code  Gb  sysctl.o [1]
SysCtlPeripheralEnable  0x00002139   0x26  Code  Gb  sysctl.o [1]
SysCtlPeripheralReset   0x000020d9   0x60  Code  Gb  sysctl.o [1]
Timer1                  0x20002dc9    0x1  Data  Lc  microsd.o [1]
Timer2                  0x20002dca    0x1  Data  Lc  microsd.o [1]
_EncodingSb_Mbtowc      0x000042db   0x30  Code  Gb  xencoding_sb.o [3]
_EncodingSb_Wctomb      0x000042c1   0x1a  Code  Gb  xencoding_sb.o [3]
_GenldFull              0x00003525  0x24a  Code  Lc  xprintffull.o [3]
_IsdstStr               0x2000008c    0x4  Data  Gb  setlocale.o [3]
_LdtobFull              0x0000319d  0x382  Code  Lc  xprintffull.o [3]
_LitobFull              0x0000303f  0x10c  Code  Lc  xprintffull.o [3]
_LocaleEncoding         0x000042ad    0xe  Code  Gb  setlocale.o [3]
_LocaleReturnString     0x200000ac   0x50  Data  Lc  setlocale.o [3]
_Locale_Profile         0x20000090   0x1c  Data  Gb  setlocale.o [3]
_Locale_aeabi_lconv     0x20000050   0x38  Data  Gb  localeconv.o [3]
_Locale_lconv           0x20000000   0x50  Data  Gb  localeconv.o [3]
_Mbtowc                 0x000037b7   0x20  Code  Gb  xmbtowc.o [3]
_PrintfFull             0x00002649  0x67c  Code  Gb  xprintffull.o [3]
_PutcharsFull           0x0000376f   0x2e  Code  Lc  xprintffull.o [3]
_PutstrFull             0x00002cdd  0x35c  Code  Lc  xprintffull.o [3]
_SProut                 0x00001c67    0xa  Code  Gb  xsprout.o [3]
_TzoneStr               0x20000088    0x4  Data  Gb  setlocale.o [3]
_Wctomb                 0x00003905   0x1a  Code  Gb  xwctomb.o [3]
__aeabi_cdcmple         0x00003c75         Code  Gb  DblCmpLe.o [4]
__aeabi_cdrcmple        0x00003ca5         Code  Gb  DblCmpGe.o [4]
__aeabi_d2iz            0x00003de1         Code  Gb  DblToI32.o [4]
__aeabi_d2uiz           0x00003e0d         Code  Gb  DblToI32.o [4]
__aeabi_ddiv            0x00003fe9         Code  Gb  DblDiv.o [4]
__aeabi_dmul            0x00003a91         Code  Gb  DblMul.o [4]
__aeabi_dsub            0x00003e69         Code  Gb  DblSub.o [4]
__aeabi_i2d             0x00003e39         Code  Gb  I32ToDbl.o [4]
__aeabi_ldiv0           0x0000434d         Code  Gb  I64DivZer.o [5]
__aeabi_memset          0x00002569         Code  Gb  ABImemset.o [5]
__aeabi_ui2d            0x00003e4d         Code  Gb  I32ToDbl.o [4]
__aeabi_uldivmod        0x000039a1         Code  Gb  I64DivMod.o [5]
__cmain                 0x00008425         Code  Gb  cmain.o [5]
__data_Aldata           0x20002d10    0x8  Data  Gb  xxmemxmalloc.o [3]
__data_GetMemChunk      0x00004321   0x2c  Code  Gb  xgetmemchunk.o [3]
__exit                  0x00008169   0x14  Code  Gb  exit.o [6]
__iar_Dnorm             0x00003c33   0x42  Code  Gb  xdnorm.o [4]
__iar_Dscale            0x00003cd5  0x10c  Code  Gb  xdscale.o [4]
__iar_Locale_lconv_init
                        0x00004231   0x3a  Code  Gb  localeconv.o [3]
__iar_Mbcurmax          0x00003849    0xa  Code  Gb  xmbcurmax.o [3]
__iar_Memchr            0x000037f1         Code  Gb  memchr.o [5]
__iar_Memset            0x00002569         Code  Gb  ABImemset.o [5]
__iar_Memset_word       0x00002571         Code  Gb  ABImemset.o [5]
__iar_Strchr            0x000037d9         Code  Gb  strchr.o [5]
__iar_d2uiz             0x00003e19         Code  Gb  DblToI32.o [4]
__iar_dadd              0x00004351         Code  Gb  DblAdd.o [4]
__iar_data_init3        0x00008351   0x28  Code  Gb  data_init.o [5]
__iar_dlib_perthread_access
                        0x00004425    0x2  Code  Gb  xtls.o [3]
__iar_dsub              0x00003e7d         Code  Gb  DblSub.o [4]
__iar_dsubStart         0x00003e8f         Code  Gb  DblSub.o [4]
__iar_packbits_init3    0x000080af   0xb2  Code  Gb  packbits_init.o [5]
__iar_program_start     0x0000858d         Code  Gb  cstartup_M.o [5]
__iar_strcmp            0x000013ed         Code  Gb  strcmp_unaligned.o [5]
__iar_ui2d              0x00003e51         Code  Gb  I32ToDbl.o [4]
__iar_unaligned___aeabi_memcpy
                        0x000025d1         Code  Gb  ABImemcpy_unaligned.o [5]
__iar_unaligned___aeabi_memcpy4
                        0x000025f1         Code  Gb  ABImemcpy_unaligned.o [5]
__iar_unaligned___aeabi_memcpy8
                        0x000025f1         Code  Gb  ABImemcpy_unaligned.o [5]
__iar_unaligned_memcmp  0x00001bf9         Code  Gb  memcmp_unaligned.o [5]
__iar_unaligned_strcmp  0x000013ed         Code  Gb  strcmp_unaligned.o [5]
__iar_unaligned_strcpy  0x00001ca9         Code  Gb  strcpy_unaligned.o [5]
__iar_zero_init3        0x0000142f   0x22  Code  Gb  zero_init3.o [5]
__low_level_init        0x0000843f    0x4  Code  Gb  low_level_init.o [3]
__vector_table          0x00000000  0x11c  Data  Gb  app_vect.o [1]
_call_main              0x00008431         Code  Gb  cmain.o [5]
_exit                   0x00008449         Code  Gb  cexit.o [5]
_main                   0x0000843b         Code  Gb  cmain.o [5]
abort                   0x00008161    0x6  Code  Gb  abort.o [3]
auto_mount              0x000008ef  0x18a  Code  Lc  fatfs.o [1]
check_fs                0x0000088f   0x60  Code  Lc  fatfs.o [1]
chk_power               0x000015fd    0x8  Code  Lc  microsd.o [1]
clust2sect              0x00000509   0x1a  Code  Lc  fatfs.o [1]
create_chain            0x00000467   0xa2  Code  Lc  fatfs.o [1]
disk_initialize         0x00001727  0x17a  Code  Gb  microsd.o [1]
disk_ioctl              0x00001a1f  0x188  Code  Gb  microsd.o [1]
disk_read               0x000018b3   0xa2  Code  Gb  microsd.o [1]
disk_status             0x000018a1   0x12  Code  Gb  microsd.o [1]
disk_write              0x00001955   0xca  Code  Gb  microsd.o [1]
div                     0x0000429d    0xe  Code  Gb  div.o [3]
exit                    0x00008443    0x4  Code  Gb  exit.o [3]
f_close                 0x0000104b   0x18  Code  Gb  fatfs.o [1]
f_lseek                 0x00001063  0x124  Code  Gb  fatfs.o [1]
f_mount                 0x00000a9f   0x42  Code  Gb  fatfs.o [1]
f_open                  0x00000af5  0x176  Code  Gb  fatfs.o [1]
f_read                  0x00000c6b  0x194  Code  Gb  fatfs.o [1]
f_sync                  0x00000fc9   0x82  Code  Gb  fatfs.o [1]
f_write                 0x00000dff  0x1ca  Code  Gb  fatfs.o [1]
free                    0x00003921   0x7a  Code  Gb  xxmemxfree.o [3]
fsid                    0x20002db8    0x2  Data  Lc  fatfs.o [1]
g_cCmdBuf               0x2000016c   0x20  Data  Gb  app.o [1]
g_cCwdBuf               0x200000fc   0x40  Data  Lc  fatfs.o [1]
g_cTmpBuf               0x20002c5c   0x40  Data  Lc  fatfs.o [1]
g_pucFont               0x00007eb0  0x1dc  Data  Lc  bsp_display.o [1]
g_pucRITInit            0x000081d8   0x50  Data  Lc  bsp_display.o [1]
g_pucRow1               0x00008598    0x8  Data  Lc  bsp_display.o [1]
g_pucRow2               0x000085a0    0x8  Data  Lc  bsp_display.o [1]
g_pulDCGCRegs           0x00008574    0xc  Data  Lc  sysctl.o [1]
g_pulGPIOBaseAddrs      0x00008228   0x48  Data  Lc  gpio.o [1]
g_pulRCGCRegs           0x00008568    0xc  Data  Lc  sysctl.o [1]
g_pulSRCRRegs           0x0000855c    0xc  Data  Lc  sysctl.o [1]
g_pulXtals              0x0000817c   0x5c  Data  Lc  sysctl.o [1]
g_sCmdTable             0x2000013c   0x30  Data  Gb  fatfs.o [1]
g_sFatFs                0x200007dc  0x22c  Data  Lc  app.o [1]
g_sFileObject           0x20000a08  0x224  Data  Lc  fatfs.o [1]
g_ucColumnAdjust        0x20000194    0x4  Data  Lc  bsp_display.o [1]
g_ulDelay               0x20002d20    0x4  Data  Lc  bsp_display.o [1]
get_cluster             0x0000023b   0xda  Code  Lc  fatfs.o [1]
get_fattime             0x00001ba7    0x4  Code  Gb  microsd.o [1]
iCounter                0x2000018c    0x4  Data  Gb  app.o [1]
iMove                   0x20000190    0x4  Data  Gb  app.o [1]
localeconv              0x0000426b   0x16  Code  Gb  localeconv.o [3]
main                    0x000076f9   0x52  Code  Gb  app.o [1]
make_dirfile            0x00000585  0x120  Code  Lc  fatfs.o [1]
malloc                  0x00003855   0xac  Code  Gb  xxmemxmalloc.o [3]
measure                 0x20002d18    0x4  Data  Gb  app.o [1]
memchr                  0x000037f1         Code  Gb  memchr.o [5]
memcpy                  0x00001c5b    0xc  Code  Gb  memcpy.o [3]
memset                  0x00001be5   0x14  Code  Gb  memset.o [3]
move_window             0x00000189   0x80  Code  Lc  fatfs.o [1]
next_dir_entry          0x00000523   0x62  Code  Lc  fatfs.o [1]
power_off               0x000015f3    0xa  Code  Lc  microsd.o [1]
power_on                0x000014ff   0xb6  Code  Lc  microsd.o [1]
put_cluster             0x00000315  0x108  Code  Lc  fatfs.o [1]
rcvr_datablock          0x00001605   0x4e  Code  Lc  microsd.o [1]
rcvr_spi                0x0000147f    0x6  Code  Lc  microsd.o [1]
rcvr_spi_m              0x00001485    0xc  Code  Lc  microsd.o [1]
remove_chain            0x0000041d   0x4a  Code  Lc  fatfs.o [1]
reserve_direntry        0x000007b3   0xdc  Code  Lc  fatfs.o [1]
scale                   0x00003151   0x46  Code  Lc  xprintffull.o [3]
send_cmd                0x000016b1   0x76  Code  Lc  microsd.o [1]
send_initial_clock_train
                        0x000014b7   0x48  Code  Lc  microsd.o [1]
set_max_speed           0x000015b5   0x3e  Code  Lc  microsd.o [1]
sprintf                 0x00001d09   0x34  Code  Gb  sprintf.o [3]
strcat                  0x00001ced   0x1c  Code  Gb  strcat.o [3]
strchr                  0x000037d9         Code  Gb  strchr.o [5]
strlen                  0x00001c71         Code  Gb  strlen.o [5]
sync                    0x00000209   0x32  Code  Lc  fatfs.o [1]
trace_path              0x000006a5  0x10e  Code  Lc  fatfs.o [1]
validate                0x00000a79   0x26  Code  Lc  fatfs.o [1]
wait_ready              0x00001491   0x26  Code  Lc  microsd.o [1]
xmit_datablock          0x00001653   0x5e  Code  Lc  microsd.o [1]
xmit_spi                0x0000147d    0x2  Code  Lc  microsd.o [1]


[1] = D:\1\cpe484_es6153\Micrium\Software\EvalBoards\TI\LM3S9B92-EVALBOT\IAR\uCOS-III-CE4053_PG\Flash\Obj
[2] = command line
[3] = dl7M_tlf.a
[4] = m7M_tl.a
[5] = rt7M_tl.a
[6] = shb_l.a

  32 460 bytes of readonly  code memory
   2 051 bytes of readonly  data memory
  12 752 bytes of readwrite data memory

Errors: none
Warnings: none
